// Jest Snapshot v1, https://goo.gl/fbAQLP

exports[`Callout.vue renders correctly 1`] = `
<div
  class="callout"
>
  Callout
</div>
`;
