// Jest Snapshot v1, https://goo.gl/fbAQLP

exports[`Header.vue renders correctly 1`] = `
<header
  class="app-header navbar"
>
  Header
</header>
`;
