// Jest Snapshot v1, https://goo.gl/fbAQLP

exports[`SidebarFooter.vue renders correctly 1`] = `
<div
  class="sidebar-footer"
>
  test
</div>
`;
