// Jest Snapshot v1, https://goo.gl/fbAQLP

exports[`Sidebar.vue renders correctly 1`] = `
<div
  class="sidebar"
>
  Sidebar
</div>
`;
