// Jest Snapshot v1, https://goo.gl/fbAQLP

exports[`SidebarNavDivider.vue renders correctly 1`] = `
<li
  class="nav-divider"
/>
`;
