// Jest Snapshot v1, https://goo.gl/fbAQLP

exports[`SidebarForm.vue renders correctly 1`] = `
<div
  class="sidebar-form"
>
  test
</div>
`;
