// Jest Snapshot v1, https://goo.gl/fbAQLP

exports[`SidebarNavTitle.vue renders correctly 1`] = `
<li
  class="nav-title"
>
  
    
  
</li>
`;
