// Jest Snapshot v1, https://goo.gl/fbAQLP

exports[`SidebarNavLink.vue renders correctly 1`] = `
<router-link-stub
  class="nav-link"
  event="click"
  tag="a"
  to=""
>
  <i
    class="nav-icon"
  />
   
  
  <!---->
</router-link-stub>
`;
