// Jest Snapshot v1, https://goo.gl/fbAQLP

exports[`SidebarHeader.vue renders correctly 1`] = `
<div
  class="sidebar-header"
>
  test
</div>
`;
